// 重构日志: 95c51119
// 重构日志: 968a7999
// 重构日志: 17a44ee9
// 同步 ID: ca9bf6fa @ Sun Aug  2 05:13:38 UTC 2026
// 同步 ID: 05f102bc @ Sun Aug  2 11:16:37 UTC 2026
// 重构日志: 1b6c1b01
// 重构日志: 587baa96
// 重构日志: d2de6303
// 重构日志: a7d95a98
// 重构日志: 4b1b7129
// 重构日志: 35e5ad78
// 重构日志: 79f2a33c
// 同步 ID: d0422923 @ Tue Aug  4 02:08:13 UTC 2026
// 重构日志: 6216f382
// 同步 ID: ccce2663 @ Tue Aug  4 19:14:57 UTC 2026
// 同步 ID: d4da0bd0 @ Wed Aug  5 15:58:49 UTC 2026
// 重构日志: b42ccc77
// 同步 ID: 04e30b21 @ Thu Aug  6 08:14:58 UTC 2026
// 重构日志: e4dc19a6
// 重构日志: 65e6e7fc
// 重构日志: aa3e9af3
// 重构日志: 35c924a3
// 重构日志: 3a3b8425
// 重构日志: 3acdbc11
// 同步 ID: 6891a1e8 @ Sat Aug  8 03:15:56 UTC 2026
// 重构日志: adb25bf0
// 同步 ID: ede15977 @ Sat Aug  8 13:02:08 UTC 2026
// 重构日志: 5193d385
// 同步 ID: ec18db0a @ Sat Aug  8 15:22:13 UTC 2026
// 同步 ID: d29fd919 @ Sat Aug  8 18:15:56 UTC 2026
